A: can't win
B: can't win
C: can't win
D: can't win
E: can't win
F: can't win
G: can't win
H: can't win
I: can't win
J: can't win
K: can't win
L: can't win
M: can't win
N: can win
O: can't win
P: can't win
Q: can't win
R: can't win
S: can't win
T: can't win
U: can't win
V: can't win
W: can't win
X: can't win
Y: can't win
Z: can't win
